// Jest Snapshot v1, https://goo.gl/fbAQLP

exports[`ReviewList component snapshot tests ReviewList with empty list 1`] = `
Array [
  <h2
    className="reviews__title"
  >
    Reviews · 
    <span
      className="reviews__amount"
    >
      0
    </span>
  </h2>,
  <ul
    className="reviews__list"
  />,
]
`;

exports[`ReviewList component snapshot tests ReviewList with one review 1`] = `
Array [
  <h2
    className="reviews__title"
  >
    Reviews · 
    <span
      className="reviews__amount"
    >
      1
    </span>
  </h2>,
  <ul
    className="reviews__list"
  >
    <li
      className="reviews__item"
    >
      <div
        className="reviews__user user"
      >
        <div
          className="reviews__avatar-wrapper user__avatar-wrapper"
        >
          <img
            alt="Reviews avatar"
            className="reviews__avatar user__avatar"
            height="54"
            src="img/avatar-max.jpg"
            width="54"
          />
        </div>
        <span
          className="reviews__user-name"
        >
          Alex
        </span>
      </div>
      <div
        className="reviews__info"
      >
        <div
          className="reviews__rating rating"
        >
          <div
            className="reviews__stars rating__stars"
          >
            <span
              style={
                Object {
                  "width": "40%",
                }
              }
            />
            <span
              className="visually-hidden"
            >
              Rating
            </span>
          </div>
        </div>
        <p
          className="reviews__text"
        >
          It was a pain. Wi-Fi was soooo low.
        </p>
        <time
          className="reviews__time"
          dateTime="2020-06-10"
        >
          June 10, 2020
        </time>
      </div>
    </li>
  </ul>,
]
`;
